2025-11-08 14:40:37 [main] INFO  c.l.g.LaxmiGallaBhandarApplication - Starting LaxmiGallaBhandarApplication using Java 24.0.1 with PID 37700 (C:\Users\Nitro\IdeaProjects\laxmi-galla-bhandar\target\classes started by Nitro in C:\Users\Nitro\IdeaProjects\laxmi-galla-bhandar)
2025-11-08 14:40:37 [main] INFO  c.l.g.LaxmiGallaBhandarApplication - No active profile set, falling back to 1 default profile: "default"
2025-11-08 14:40:37 [main] INFO  o.s.d.r.c.RepositoryConfigurationDelegate - Bootstrapping Spring Data JPA repositories in DEFAULT mode.
2025-11-08 14:40:37 [main] INFO  o.s.d.r.c.RepositoryConfigurationDelegate - Finished Spring Data repository scanning in 56 ms. Found 1 JPA repository interface.
2025-11-08 14:40:38 [main] INFO  o.s.b.w.e.tomcat.TomcatWebServer - Tomcat initialized with port 8081 (http)
2025-11-08 14:40:38 [main] INFO  o.a.catalina.core.StandardService - Starting service [Tomcat]
2025-11-08 14:40:38 [main] INFO  o.a.catalina.core.StandardEngine - Starting Servlet engine: [Apache Tomcat/10.1.48]
2025-11-08 14:40:38 [main] INFO  o.a.c.c.C.[Tomcat].[localhost].[/] - Initializing Spring embedded WebApplicationContext
2025-11-08 14:40:38 [main] INFO  o.s.b.w.s.c.ServletWebServerApplicationContext - Root WebApplicationContext: initialization completed in 1343 ms
2025-11-08 14:40:38 [main] INFO  com.zaxxer.hikari.HikariDataSource - LaxmiHikariPool - Starting...
2025-11-08 14:40:38 [main] INFO  com.zaxxer.hikari.pool.HikariPool - LaxmiHikariPool - Added connection com.mysql.cj.jdbc.ConnectionImpl@79e7188e
2025-11-08 14:40:38 [main] INFO  com.zaxxer.hikari.HikariDataSource - LaxmiHikariPool - Start completed.
2025-11-08 14:40:38 [main] INFO  o.h.jpa.internal.util.LogHelper - HHH000204: Processing PersistenceUnitInfo [name: default]
2025-11-08 14:40:39 [main] INFO  org.hibernate.Version - HHH000412: Hibernate ORM core version 6.6.33.Final
2025-11-08 14:40:39 [main] INFO  o.h.c.i.RegionFactoryInitiator - HHH000026: Second-level cache disabled
2025-11-08 14:40:39 [main] INFO  o.s.o.j.p.SpringPersistenceUnitInfo - No LoadTimeWeaver setup: ignoring JPA class transformer
2025-11-08 14:40:39 [main] WARN  org.hibernate.orm.deprecation - HHH90000025: MySQL8Dialect does not need to be specified explicitly using 'hibernate.dialect' (remove the property setting and it will be selected by default)
2025-11-08 14:40:39 [main] WARN  org.hibernate.orm.deprecation - HHH90000026: MySQL8Dialect has been deprecated; use org.hibernate.dialect.MySQLDialect instead
2025-11-08 14:40:39 [main] INFO  o.hibernate.orm.connections.pooling - HHH10001005: Database info:
	Database JDBC URL [Connecting through datasource 'HikariDataSource (LaxmiHikariPool)']
	Database driver: undefined/unknown
	Database version: 8.0
	Autocommit mode: undefined/unknown
	Isolation level: undefined/unknown
	Minimum pool size: undefined/unknown
	Maximum pool size: undefined/unknown
2025-11-08 14:40:40 [main] INFO  o.h.e.t.j.p.i.JtaPlatformInitiator - HHH000489: No JTA platform available (set 'hibernate.transaction.jta.platform' to enable JTA platform integration)
2025-11-08 14:40:40 [main] INFO  o.s.o.j.LocalContainerEntityManagerFactoryBean - Initialized JPA EntityManagerFactory for persistence unit 'default'
2025-11-08 14:40:40 [main] WARN  o.s.b.a.o.j.JpaBaseConfiguration$JpaWebConfiguration - spring.jpa.open-in-view is enabled by default. Therefore, database queries may be performed during view rendering. Explicitly configure spring.jpa.open-in-view to disable this warning
2025-11-08 14:40:41 [main] INFO  o.s.b.w.e.tomcat.TomcatWebServer - Tomcat started on port 8081 (http) with context path '/'
2025-11-08 14:40:41 [main] INFO  c.l.g.LaxmiGallaBhandarApplication - Started LaxmiGallaBhandarApplication in 5.182 seconds (process running for 5.955)
2025-11-08 14:43:07 [SpringApplicationShutdownHook] INFO  o.s.b.w.e.tomcat.GracefulShutdown - Commencing graceful shutdown. Waiting for active requests to complete
2025-11-08 14:43:07 [tomcat-shutdown] INFO  o.s.b.w.e.tomcat.GracefulShutdown - Graceful shutdown complete
2025-11-08 14:43:07 [SpringApplicationShutdownHook] INFO  o.s.o.j.LocalContainerEntityManagerFactoryBean - Closing JPA EntityManagerFactory for persistence unit 'default'
2025-11-08 14:43:07 [SpringApplicationShutdownHook] INFO  com.zaxxer.hikari.HikariDataSource - LaxmiHikariPool - Shutdown initiated...
2025-11-08 14:43:07 [SpringApplicationShutdownHook] INFO  com.zaxxer.hikari.HikariDataSource - LaxmiHikariPool - Shutdown completed.
2025-11-08 14:43:10 [main] INFO  c.l.g.LaxmiGallaBhandarApplication - Starting LaxmiGallaBhandarApplication using Java 24.0.1 with PID 36180 (C:\Users\Nitro\IdeaProjects\laxmi-galla-bhandar\target\classes started by Nitro in C:\Users\Nitro\IdeaProjects\laxmi-galla-bhandar)
2025-11-08 14:43:10 [main] INFO  c.l.g.LaxmiGallaBhandarApplication - No active profile set, falling back to 1 default profile: "default"
2025-11-08 14:43:11 [main] INFO  o.s.d.r.c.RepositoryConfigurationDelegate - Bootstrapping Spring Data JPA repositories in DEFAULT mode.
2025-11-08 14:43:11 [main] INFO  o.s.d.r.c.RepositoryConfigurationDelegate - Finished Spring Data repository scanning in 53 ms. Found 1 JPA repository interface.
2025-11-08 14:43:11 [main] INFO  o.s.b.w.e.tomcat.TomcatWebServer - Tomcat initialized with port 8081 (http)
2025-11-08 14:43:11 [main] INFO  o.a.catalina.core.StandardService - Starting service [Tomcat]
2025-11-08 14:43:11 [main] INFO  o.a.catalina.core.StandardEngine - Starting Servlet engine: [Apache Tomcat/10.1.48]
2025-11-08 14:43:11 [main] INFO  o.a.c.c.C.[Tomcat].[localhost].[/] - Initializing Spring embedded WebApplicationContext
2025-11-08 14:43:11 [main] INFO  o.s.b.w.s.c.ServletWebServerApplicationContext - Root WebApplicationContext: initialization completed in 1281 ms
2025-11-08 14:43:11 [main] INFO  com.zaxxer.hikari.HikariDataSource - LaxmiHikariPool - Starting...
2025-11-08 14:43:12 [main] INFO  com.zaxxer.hikari.pool.HikariPool - LaxmiHikariPool - Added connection com.mysql.cj.jdbc.ConnectionImpl@10850d17
2025-11-08 14:43:12 [main] INFO  com.zaxxer.hikari.HikariDataSource - LaxmiHikariPool - Start completed.
2025-11-08 14:43:12 [main] INFO  o.h.jpa.internal.util.LogHelper - HHH000204: Processing PersistenceUnitInfo [name: default]
2025-11-08 14:43:12 [main] INFO  org.hibernate.Version - HHH000412: Hibernate ORM core version 6.6.33.Final
2025-11-08 14:43:12 [main] INFO  o.h.c.i.RegionFactoryInitiator - HHH000026: Second-level cache disabled
2025-11-08 14:43:12 [main] INFO  o.s.o.j.p.SpringPersistenceUnitInfo - No LoadTimeWeaver setup: ignoring JPA class transformer
2025-11-08 14:43:12 [main] WARN  org.hibernate.orm.deprecation - HHH90000025: MySQL8Dialect does not need to be specified explicitly using 'hibernate.dialect' (remove the property setting and it will be selected by default)
2025-11-08 14:43:12 [main] WARN  org.hibernate.orm.deprecation - HHH90000026: MySQL8Dialect has been deprecated; use org.hibernate.dialect.MySQLDialect instead
2025-11-08 14:43:12 [main] INFO  o.hibernate.orm.connections.pooling - HHH10001005: Database info:
	Database JDBC URL [Connecting through datasource 'HikariDataSource (LaxmiHikariPool)']
	Database driver: undefined/unknown
	Database version: 8.0
	Autocommit mode: undefined/unknown
	Isolation level: undefined/unknown
	Minimum pool size: undefined/unknown
	Maximum pool size: undefined/unknown
2025-11-08 14:43:13 [main] INFO  o.h.e.t.j.p.i.JtaPlatformInitiator - HHH000489: No JTA platform available (set 'hibernate.transaction.jta.platform' to enable JTA platform integration)
2025-11-08 14:43:13 [main] INFO  o.s.o.j.LocalContainerEntityManagerFactoryBean - Initialized JPA EntityManagerFactory for persistence unit 'default'
2025-11-08 14:43:14 [main] WARN  o.s.b.a.o.j.JpaBaseConfiguration$JpaWebConfiguration - spring.jpa.open-in-view is enabled by default. Therefore, database queries may be performed during view rendering. Explicitly configure spring.jpa.open-in-view to disable this warning
2025-11-08 14:43:14 [main] INFO  o.s.b.w.e.tomcat.TomcatWebServer - Tomcat started on port 8081 (http) with context path '/'
2025-11-08 14:43:14 [main] INFO  c.l.g.LaxmiGallaBhandarApplication - Started LaxmiGallaBhandarApplication in 4.764 seconds (process running for 5.593)
2025-11-08 14:43:26 [SpringApplicationShutdownHook] INFO  o.s.b.w.e.tomcat.GracefulShutdown - Commencing graceful shutdown. Waiting for active requests to complete
2025-11-08 14:43:26 [tomcat-shutdown] INFO  o.s.b.w.e.tomcat.GracefulShutdown - Graceful shutdown complete
2025-11-08 14:43:26 [SpringApplicationShutdownHook] INFO  o.s.o.j.LocalContainerEntityManagerFactoryBean - Closing JPA EntityManagerFactory for persistence unit 'default'
2025-11-08 14:43:26 [SpringApplicationShutdownHook] INFO  com.zaxxer.hikari.HikariDataSource - LaxmiHikariPool - Shutdown initiated...
2025-11-08 14:43:26 [SpringApplicationShutdownHook] INFO  com.zaxxer.hikari.HikariDataSource - LaxmiHikariPool - Shutdown completed.
2025-11-08 14:43:28 [main] INFO  c.l.g.LaxmiGallaBhandarApplication - Starting LaxmiGallaBhandarApplication using Java 24.0.1 with PID 32352 (C:\Users\Nitro\IdeaProjects\laxmi-galla-bhandar\target\classes started by Nitro in C:\Users\Nitro\IdeaProjects\laxmi-galla-bhandar)
2025-11-08 14:43:28 [main] INFO  c.l.g.LaxmiGallaBhandarApplication - No active profile set, falling back to 1 default profile: "default"
2025-11-08 14:43:29 [main] INFO  o.s.d.r.c.RepositoryConfigurationDelegate - Bootstrapping Spring Data JPA repositories in DEFAULT mode.
2025-11-08 14:43:29 [main] INFO  o.s.d.r.c.RepositoryConfigurationDelegate - Finished Spring Data repository scanning in 51 ms. Found 1 JPA repository interface.
2025-11-08 14:43:29 [main] INFO  o.s.b.w.e.tomcat.TomcatWebServer - Tomcat initialized with port 8081 (http)
2025-11-08 14:43:29 [main] INFO  o.a.catalina.core.StandardService - Starting service [Tomcat]
2025-11-08 14:43:29 [main] INFO  o.a.catalina.core.StandardEngine - Starting Servlet engine: [Apache Tomcat/10.1.48]
2025-11-08 14:43:30 [main] INFO  o.a.c.c.C.[Tomcat].[localhost].[/] - Initializing Spring embedded WebApplicationContext
2025-11-08 14:43:30 [main] INFO  o.s.b.w.s.c.ServletWebServerApplicationContext - Root WebApplicationContext: initialization completed in 1197 ms
2025-11-08 14:43:30 [main] INFO  com.zaxxer.hikari.HikariDataSource - LaxmiHikariPool - Starting...
2025-11-08 14:43:30 [main] INFO  com.zaxxer.hikari.pool.HikariPool - LaxmiHikariPool - Added connection com.mysql.cj.jdbc.ConnectionImpl@61bb1e4d
2025-11-08 14:43:30 [main] INFO  com.zaxxer.hikari.HikariDataSource - LaxmiHikariPool - Start completed.
2025-11-08 14:43:30 [main] INFO  o.h.jpa.internal.util.LogHelper - HHH000204: Processing PersistenceUnitInfo [name: default]
2025-11-08 14:43:30 [main] INFO  org.hibernate.Version - HHH000412: Hibernate ORM core version 6.6.33.Final
2025-11-08 14:43:30 [main] INFO  o.h.c.i.RegionFactoryInitiator - HHH000026: Second-level cache disabled
2025-11-08 14:43:30 [main] INFO  o.s.o.j.p.SpringPersistenceUnitInfo - No LoadTimeWeaver setup: ignoring JPA class transformer
2025-11-08 14:43:30 [main] WARN  org.hibernate.orm.deprecation - HHH90000025: MySQL8Dialect does not need to be specified explicitly using 'hibernate.dialect' (remove the property setting and it will be selected by default)
2025-11-08 14:43:30 [main] WARN  org.hibernate.orm.deprecation - HHH90000026: MySQL8Dialect has been deprecated; use org.hibernate.dialect.MySQLDialect instead
2025-11-08 14:43:30 [main] INFO  o.hibernate.orm.connections.pooling - HHH10001005: Database info:
	Database JDBC URL [Connecting through datasource 'HikariDataSource (LaxmiHikariPool)']
	Database driver: undefined/unknown
	Database version: 8.0
	Autocommit mode: undefined/unknown
	Isolation level: undefined/unknown
	Minimum pool size: undefined/unknown
	Maximum pool size: undefined/unknown
2025-11-08 14:43:32 [main] INFO  o.h.e.t.j.p.i.JtaPlatformInitiator - HHH000489: No JTA platform available (set 'hibernate.transaction.jta.platform' to enable JTA platform integration)
2025-11-08 14:43:32 [main] INFO  o.s.o.j.LocalContainerEntityManagerFactoryBean - Initialized JPA EntityManagerFactory for persistence unit 'default'
2025-11-08 14:43:32 [main] WARN  o.s.b.a.o.j.JpaBaseConfiguration$JpaWebConfiguration - spring.jpa.open-in-view is enabled by default. Therefore, database queries may be performed during view rendering. Explicitly configure spring.jpa.open-in-view to disable this warning
2025-11-08 14:43:32 [main] INFO  o.s.b.w.e.tomcat.TomcatWebServer - Tomcat started on port 8081 (http) with context path '/'
2025-11-08 14:43:32 [main] INFO  c.l.g.LaxmiGallaBhandarApplication - Started LaxmiGallaBhandarApplication in 4.485 seconds (process running for 5.176)
2025-11-08 14:44:13 [SpringApplicationShutdownHook] INFO  o.s.b.w.e.tomcat.GracefulShutdown - Commencing graceful shutdown. Waiting for active requests to complete
2025-11-08 14:44:13 [tomcat-shutdown] INFO  o.s.b.w.e.tomcat.GracefulShutdown - Graceful shutdown complete
2025-11-08 14:44:13 [SpringApplicationShutdownHook] INFO  o.s.o.j.LocalContainerEntityManagerFactoryBean - Closing JPA EntityManagerFactory for persistence unit 'default'
2025-11-08 14:44:13 [SpringApplicationShutdownHook] INFO  com.zaxxer.hikari.HikariDataSource - LaxmiHikariPool - Shutdown initiated...
2025-11-08 14:44:13 [SpringApplicationShutdownHook] INFO  com.zaxxer.hikari.HikariDataSource - LaxmiHikariPool - Shutdown completed.
